// Vitest Snapshot v1, https://vitest.dev/guide/snapshot.html

exports[`contenu > chaque thème : cours, exercices, flashcards, définitions, tests 1`] = `
{
  "droit-t5": "5b76c5a8437ca0f0",
  "droit-t6": "7cbe63edcbb30b46",
  "droit-t7": "e39b34b461e278b7",
  "droit-t8": "8db99ad0ecf60757",
  "eco-actu": "4b1d82780579014f",
  "eco-t6": "055bd64826e9abe6",
  "eco-t7": "71d4bd0eda3436e3",
  "eco-t8": "10a9f492b5c95545",
  "eco-t9": "b38f4222c39d6f12",
  "gf-t1": "8937f8e968d0f7a6",
  "gf-t2": "57ebc00a80dbc878",
  "gf-t3": "9571b54eed2bda84",
  "hg-g1": "ddb5d8b83841e8e3",
  "hg-g2": "81d9505408a64f6c",
  "hg-g3": "ffda3204ed83fd08",
  "hg-h1": "6c17a5d084ef59c0",
  "hg-h2": "eb75868cf1da1588",
  "hg-h3": "585e36ccb760d59b",
  "lng-en-comp": "3b56c7f2d2cc55c7",
  "lng-en-gram": "75b2982fe8c7def6",
  "lng-en-grammar-ex": "0c729f5eec4490f2",
  "lng-en-verbs": "6ed79b83c3954de8",
  "lng-en-voc": "a89320745c110447",
  "lng-es-comp": "e5304eed7683afe0",
  "lng-es-gram": "65ddc73fd6ccc5a6",
  "lng-es-grammar-ex": "9c7c9b79590c5ba7",
  "lng-es-verbs": "431c7ad5700e3b33",
  "lng-es-voc": "8d71a01e126fccb7",
  "math-c1": "7670ced40996451b",
  "math-c2": "d0f329f16b5f222b",
  "math-c3": "083612189076e145",
  "math-c4": "502648348f02de55",
  "math-c5": "cb1ee4836416b897",
  "math-c6": "237e180e05981522",
  "math-c7": "a949fb4742bd3456",
  "mgmt-t1": "31042b47585d6b1c",
  "mgmt-t2": "910cf7532a663f4c",
  "mgmt-t3": "42e2e6912f0f9041",
  "mkg-t1": "1b843df5bfe16ee5",
  "mkg-t2": "5d9881a9a83aeb9f",
  "mkg-t3": "f7d63f1eea30b96a",
  "mkg-t4": "dab02078d30e2520",
  "p1-droit-t1": "eb27bbf7b7ccfddb",
  "p1-droit-t2": "96de0b3955f90ad5",
  "p1-droit-t3": "8e4b5dc95a4de15d",
  "p1-droit-t4": "64a04cecb1b4a745",
  "p1-eco-t1": "129e57613eff2ed8",
  "p1-eco-t2": "ffe5ab36a8dfd8fd",
  "p1-eco-t3": "dc125c4e2c409e75",
  "p1-eco-t4": "a67b0eb327dba66d",
  "p1-eco-t5": "676349497b02e3a0",
  "p1-fr-1": "c3696165e4886ef5",
  "p1-fr-2": "55f586a67e920466",
  "p1-fr-3": "b03e4e75110b3b95",
  "p1-fr-4": "89f93b943362ffad",
  "p1-hg-g1": "2139f3380425d134",
  "p1-hg-g2": "3ae7dc20deca1fad",
  "p1-hg-g3": "7cf1e21fcdc15803",
  "p1-hg-h1": "c2adbbb2207fa362",
  "p1-hg-h2": "5815a0c72fa5b542",
  "p1-hg-h3": "8123c1ecc9220e1d",
  "p1-lng-axes": "f6ed34126ced37f0",
  "p1-lng-en": "6f1fe6feb315a943",
  "p1-lng-es": "eff6c0f1371ec686",
  "p1-math-c1": "0029bb0830a1ed9b",
  "p1-math-c2": "622fc883e5ecc1cc",
  "p1-math-c3": "5d8a749dac4eb642",
  "p1-math-c4": "7428809a58bda408",
  "p1-math-c5": "27865239009d12cd",
  "p1-math-c6": "8652b0394d1bba08",
  "p1-math-c7": "f4fc00dec9962fb6",
  "p1-mgmt-t1": "a879a343aa765f6b",
  "p1-mgmt-t2": "e0ff842b651e2d2b",
  "p1-mgmt-t3": "25614e7b4a101b52",
  "p1-sgn-t1": "c9f152f689006329",
  "p1-sgn-t2": "f065a9a47a6480eb",
  "p1-sgn-t3": "448d7efa3164af24",
  "p1-sgn-t4": "3f9b3ff27bff8159",
  "philo-art": "42b13fc63bc176e5",
  "philo-justice": "fabdea9fcbf30667",
  "philo-liberte": "2a7972571bb1d795",
  "philo-methode": "c553c589411bc3e5",
  "philo-nature": "0fc2b101de32d2ff",
  "philo-religion": "61a021854dacb92e",
  "philo-technique": "e2e078a8ce2cb8ee",
  "philo-verite": "3249a4f91158f666",
  "rh-t1": "64c819a791d691a9",
  "rh-t2": "3dcd0c20209bb463",
  "rh-t3": "57b83014acb7f069",
  "rh-t4": "d7d2636f86fdb2e6",
  "sig-t1": "44472e22c2a96f66",
  "sig-t2": "0188fc724c770ce1",
  "sig-t3": "3bbaaddba09ed9bc",
  "sig-t4": "23112393a4663e10",
}
`;

exports[`contenu > liste des matières et de leurs thèmes 1`] = `
[
  {
    "color": "#047857",
    "id": "gestion-finance",
    "name": "Gestion et Finance",
    "niveau": undefined,
    "themes": [
      [
        "gf-t1",
        "Thème 1 — Appliquer les règles comptables",
        [
          "gf-t1-qcm",
          "gf-t1-flash",
          "gf-t1-assoc",
          "gf-t1-tri",
          "gf-t1-ordre",
          "gf-t1-trou",
          "gf-t1-calc-tva",
          "gf-t1-calc-amo",
          "gf-t1-vf",
        ],
      ],
      [
        "gf-t2",
        "Thème 2 — Analyser la situation de l’entreprise",
        [
          "gf-t2-qcm",
          "gf-t2-ordre",
          "gf-t2-assoc",
          "gf-t2-flash",
          "gf-t2-tri",
          "gf-t2-calc-frng",
          "gf-t2-calc-caf",
          "gf-t2-vf",
        ],
      ],
      [
        "gf-t3",
        "Thème 3 — Accompagner la prise de décision",
        [
          "gf-t3-qcm",
          "gf-t3-calc-seuil",
          "gf-t3-tri",
          "gf-t3-assoc",
          "gf-t3-flash",
          "gf-t3-trou",
          "gf-t3-vf",
        ],
      ],
    ],
  },
  {
    "color": "#4f46e5",
    "id": "management",
    "name": "Management (MSGN)",
    "niveau": undefined,
    "themes": [
      [
        "mgmt-t1",
        "Thème 1 — Les organisations et l’activité de production",
        [
          "mgmt-t1-qcm",
          "mgmt-t1-tri",
          "mgmt-t1-assoc",
          "mgmt-t1-flash",
          "mgmt-t1-vf",
        ],
      ],
      [
        "mgmt-t2",
        "Thème 2 — Les organisations et les acteurs",
        [
          "mgmt-t2-qcm",
          "mgmt-t2-tri",
          "mgmt-t2-assoc",
          "mgmt-t2-flash",
          "mgmt-t2-vf",
        ],
      ],
      [
        "mgmt-t3",
        "Thème 3 — Les organisations et la société",
        [
          "mgmt-t3-qcm",
          "mgmt-t3-flash",
          "mgmt-t3-tri",
          "mgmt-t3-vf",
        ],
      ],
    ],
  },
  {
    "color": "#b45309",
    "id": "droit",
    "name": "Droit",
    "niveau": undefined,
    "themes": [
      [
        "droit-t5",
        "Thème 5 — Quel est le rôle du contrat ?",
        [
          "droit-t5-qcm",
          "droit-t5-ordre",
          "droit-t5-flash",
          "droit-t5-assoc",
          "droit-t5-vf",
          "droit-t5-doc",
        ],
      ],
      [
        "droit-t6",
        "Thème 6 — Qu’est-ce qu’être responsable ?",
        [
          "droit-t6-qcm",
          "droit-t6-tri",
          "droit-t6-assoc",
          "droit-t6-flash",
          "droit-t6-vf",
          "droit-t6-doc",
        ],
      ],
      [
        "droit-t7",
        "Thème 7 — Comment le droit encadre-t-il le travail salarié ?",
        [
          "droit-t7-qcm",
          "droit-t7-assoc",
          "droit-t7-flash",
          "droit-t7-vf",
          "droit-t7-doc",
        ],
      ],
      [
        "droit-t8",
        "Thème 8 — Dans quel cadre et comment entreprendre ?",
        [
          "droit-t8-qcm",
          "droit-t8-assoc",
          "droit-t8-flash",
          "droit-t8-vf",
          "droit-t8-doc",
        ],
      ],
    ],
  },
  {
    "color": "#dc2626",
    "id": "economie",
    "name": "Économie",
    "niveau": undefined,
    "themes": [
      [
        "eco-t6",
        "Thème 6 — Le rôle de l’État",
        [
          "eco-t6-qcm",
          "eco-t6-assoc",
          "eco-t6-flash",
          "eco-t6-vf",
          "eco-t6-doc",
        ],
      ],
      [
        "eco-t7",
        "Thème 7 — Emploi et chômage",
        [
          "eco-t7-qcm",
          "eco-t7-assoc",
          "eco-t7-flash",
          "eco-t7-vf",
          "eco-t7-calc",
          "eco-t7-doc",
        ],
      ],
      [
        "eco-t8",
        "Thème 8 — Le commerce international",
        [
          "eco-t8-qcm",
          "eco-t8-tri",
          "eco-t8-flash",
          "eco-t8-vf",
          "eco-t8-doc",
        ],
      ],
      [
        "eco-t9",
        "Thème 9 — Croissance et développement durable",
        [
          "eco-t9-qcm",
          "eco-t9-flash",
          "eco-t9-vf",
          "eco-t9-doc",
        ],
      ],
      [
        "eco-actu",
        "Actualité économique — relier le cours à l’actu",
        [
          "eco-actu-qcm",
          "eco-actu-assoc",
        ],
      ],
    ],
  },
  {
    "color": "#2563eb",
    "id": "maths",
    "name": "Mathématiques",
    "niveau": undefined,
    "themes": [
      [
        "math-c1",
        "Chapitre 1 — Informations chiffrées",
        [
          "math-c1-qcm",
          "math-c1-calc-t",
          "math-c1-calc-succ",
          "math-c1-calc-val",
          "math-c1-calc-indice",
          "math-c1-calc-moyen",
          "math-c1-calc-recip",
          "math-c1-flash",
        ],
      ],
      [
        "math-c2",
        "Chapitre 2 — Suites numériques",
        [
          "math-c2-qcm",
          "math-c2-calc-arith",
          "math-c2-calc-geo",
          "math-c2-calc-baisse",
          "math-c2-flash",
        ],
      ],
      [
        "math-c3",
        "Chapitre 3 — Fonctions et dérivation",
        [
          "math-c3-qcm",
          "math-c3-calc-img",
          "math-c3-calc-der",
          "math-c3-calc-graph",
          "math-c3-flash",
        ],
      ],
      [
        "math-c4",
        "Chapitre 4 — Statistiques à deux variables",
        [
          "math-c4-qcm",
          "math-c4-calc-moy",
          "math-c4-calc-nuage",
          "math-c4-calc-etendue",
          "math-c4-flash",
        ],
      ],
      [
        "math-c5",
        "Chapitre 5 — Probabilités conditionnelles",
        [
          "math-c5-qcm",
          "math-c5-calc-cond",
          "math-c5-calc-tot",
          "math-c5-flash",
        ],
      ],
      [
        "math-c6",
        "Chapitre 6 — Loi binomiale",
        [
          "math-c6-qcm",
          "math-c6-calc-esp",
          "math-c6-calc-var",
          "math-c6-flash",
        ],
      ],
      [
        "math-c7",
        "Chapitre 7 — Loi normale et estimation",
        [
          "math-c7-qcm",
          "math-c7-calc-amp",
          "math-c7-calc-borne",
          "math-c7-flash",
        ],
      ],
    ],
  },
  {
    "color": "#9333ea",
    "id": "philosophie",
    "name": "Philosophie",
    "niveau": undefined,
    "themes": [
      [
        "philo-art",
        "L’art",
        [
          "philo-art-flash",
          "philo-art-assoc",
          "philo-art-qcm",
          "philo-art-vf",
        ],
      ],
      [
        "philo-justice",
        "La justice",
        [
          "philo-justice-flash",
          "philo-justice-assoc",
          "philo-justice-qcm",
          "philo-justice-vf",
        ],
      ],
      [
        "philo-liberte",
        "La liberté",
        [
          "philo-liberte-flash",
          "philo-liberte-assoc",
          "philo-liberte-qcm",
          "philo-liberte-vf",
        ],
      ],
      [
        "philo-nature",
        "La nature",
        [
          "philo-nature-flash",
          "philo-nature-assoc",
          "philo-nature-qcm",
          "philo-nature-vf",
        ],
      ],
      [
        "philo-religion",
        "La religion",
        [
          "philo-religion-flash",
          "philo-religion-assoc",
          "philo-religion-qcm",
          "philo-religion-vf",
        ],
      ],
      [
        "philo-technique",
        "La technique",
        [
          "philo-technique-flash",
          "philo-technique-assoc",
          "philo-technique-qcm",
          "philo-technique-vf",
        ],
      ],
      [
        "philo-verite",
        "La vérité",
        [
          "philo-verite-flash",
          "philo-verite-assoc",
          "philo-verite-qcm",
          "philo-verite-vf",
        ],
      ],
      [
        "philo-methode",
        "Méthode & auteurs",
        [
          "philo-methode-ordre",
          "philo-methode-ordre2",
          "philo-methode-tri",
          "philo-methode-auteurs",
          "philo-methode-cit",
          "philo-methode-qcm",
          "philo-methode-vf",
        ],
      ],
    ],
  },
  {
    "color": "#0e7490",
    "id": "histoire-geo",
    "name": "Histoire-Géographie",
    "niveau": undefined,
    "themes": [
      [
        "hg-h1",
        "Histoire — Totalitarismes et Seconde Guerre mondiale",
        [
          "hg-h1-qcm",
          "hg-h1-flash",
          "hg-h1-vf",
        ],
      ],
      [
        "hg-h2",
        "Histoire — Du monde bipolaire au monde multipolaire",
        [
          "hg-h2-qcm",
          "hg-h2-flash",
          "hg-h2-vf",
        ],
      ],
      [
        "hg-h3",
        "Histoire — La France depuis 1945",
        [
          "hg-h3-qcm",
          "hg-h3-flash",
          "hg-h3-vf",
        ],
      ],
      [
        "hg-g1",
        "Géographie — Mers et océans au cœur de la mondialisation",
        [
          "hg-g1-qcm",
          "hg-g1-flash",
          "hg-g1-vf",
        ],
      ],
      [
        "hg-g2",
        "Géographie — Des territoires inégalement intégrés",
        [
          "hg-g2-qcm",
          "hg-g2-flash",
          "hg-g2-vf",
        ],
      ],
      [
        "hg-g3",
        "Géographie — La France dans l’UE et la mondialisation",
        [
          "hg-g3-qcm",
          "hg-g3-flash",
          "hg-g3-vf",
        ],
      ],
    ],
  },
  {
    "color": "#db2777",
    "id": "langues",
    "name": "Langues (Anglais / Espagnol)",
    "niveau": undefined,
    "themes": [
      [
        "lng-en-gram",
        "Anglais — Toutes les conjugaisons",
        [
          "lng-en-present-trou",
          "lng-en-past-qcm",
          "lng-en-future-trou",
          "lng-en-modal-qcm",
          "lng-en-cond-trou",
          "lng-en-irr-memory",
          "lng-en-irr-trou",
        ],
      ],
      [
        "lng-en-voc",
        "Anglais — Vocabulaire",
        [
          "lng-en-voc-daily-memory",
          "lng-en-voc-biz-qcm",
          "lng-en-voc-env-assoc",
          "lng-en-voc-phrasal-qcm",
        ],
      ],
      [
        "lng-en-verbs",
        "Anglais — Verbes irréguliers",
        [
          "lng-en-verbs-gen",
        ],
      ],
      [
        "lng-en-grammar-ex",
        "Anglais — Grammaire (exercices)",
        [
          "lng-en-grammar-gen",
        ],
      ],
      [
        "lng-en-comp",
        "Anglais — Compréhension",
        [
          "cmp-en-a2-read",
          "cmp-en-a2-listen",
          "cmp-en-b1-read",
          "cmp-en-b1-listen",
          "cmp-en-b2-read",
          "cmp-en-b2-listen",
        ],
      ],
      [
        "lng-es-gram",
        "Espagnol — Toutes les conjugaisons",
        [
          "lng-es-serestar-tri",
          "lng-es-presente-trou",
          "lng-es-pasado-tri",
          "lng-es-perfecto-trou",
          "lng-es-futuro-trou",
          "lng-es-subj-qcm",
          "lng-es-gustar-qcm",
          "lng-es-irr-memory",
        ],
      ],
      [
        "lng-es-voc",
        "Espagnol — Vocabulaire",
        [
          "lng-es-voc-daily-memory",
          "lng-es-voc-empresa-qcm",
          "lng-es-voc-medio-assoc",
          "lng-es-voc-verbos-memory",
        ],
      ],
      [
        "lng-es-verbs",
        "Espagnol — Verbes irréguliers",
        [
          "lng-es-verbs-gen",
        ],
      ],
      [
        "lng-es-grammar-ex",
        "Espagnol — Grammaire (exercices)",
        [
          "lng-es-grammar-gen",
        ],
      ],
      [
        "lng-es-comp",
        "Espagnol — Compréhension",
        [
          "cmp-es-a2-read",
          "cmp-es-a2-listen",
          "cmp-es-b1-read",
          "cmp-es-b1-listen",
          "cmp-es-b2-read",
          "cmp-es-b2-listen",
        ],
      ],
    ],
  },
  {
    "color": "#c2410c",
    "id": "mercatique",
    "name": "Mercatique (Marketing)",
    "niveau": undefined,
    "themes": [
      [
        "mkg-t1",
        "Thème 1 — Mercatique et consommateurs",
        [
          "mkg-t1-qcm",
          "mkg-t1-vf",
          "mkg-t1-ordre",
          "mkg-t1-tri",
          "mkg-t1-trou",
          "mkg-t1-assoc",
        ],
      ],
      [
        "mkg-t2",
        "Thème 2 — Mercatique et marchés",
        [
          "mkg-t2-qcm",
          "mkg-t2-vf",
          "mkg-t2-ordre",
          "mkg-t2-tri",
          "mkg-t2-trou",
          "mkg-t2-assoc",
        ],
      ],
      [
        "mkg-t3",
        "Thème 3 — La mercatique opérationnelle (le mix)",
        [
          "mkg-t3-qcm",
          "mkg-t3-vf",
          "mkg-t3-ordre",
          "mkg-t3-tri",
          "mkg-t3-assoc",
        ],
      ],
      [
        "mkg-t4",
        "Thème 4 — Mercatique et société",
        [
          "mkg-t4-qcm",
          "mkg-t4-vf",
          "mkg-t4-tri",
          "mkg-t4-assoc",
        ],
      ],
    ],
  },
  {
    "color": "#db2777",
    "id": "rh-communication",
    "name": "Ressources humaines & Communication",
    "niveau": undefined,
    "themes": [
      [
        "rh-t1",
        "Thème 1 — Mobiliser les ressources humaines",
        [
          "rh-t1-qcm",
          "rh-t1-vf",
          "rh-t1-ordre",
          "rh-t1-tri",
          "rh-t1-trou",
          "rh-t1-assoc",
        ],
      ],
      [
        "rh-t2",
        "Thème 2 — Cohésion et conflits",
        [
          "rh-t2-qcm",
          "rh-t2-vf",
          "rh-t2-tri",
          "rh-t2-trou",
          "rh-t2-assoc",
        ],
      ],
      [
        "rh-t3",
        "Thème 3 — La communication",
        [
          "rh-t3-qcm",
          "rh-t3-vf",
          "rh-t3-ordre",
          "rh-t3-tri",
          "rh-t3-trou",
        ],
      ],
      [
        "rh-t4",
        "Thème 4 — Coordination et conditions de travail",
        [
          "rh-t4-qcm",
          "rh-t4-vf",
          "rh-t4-tri",
          "rh-t4-trou",
          "rh-t4-assoc",
        ],
      ],
    ],
  },
  {
    "color": "#0369a1",
    "id": "sig",
    "name": "Systèmes d’information de gestion",
    "niveau": undefined,
    "themes": [
      [
        "sig-t1",
        "Thème 1 — Le système d’information dans l’organisation",
        [
          "sig-t1-qcm",
          "sig-t1-vf",
          "sig-t1-tri",
          "sig-t1-ordre",
          "sig-t1-trou",
          "sig-t1-assoc",
        ],
      ],
      [
        "sig-t2",
        "Thème 2 — Les bases de données et le langage SQL",
        [
          "sig-t2-qcm",
          "sig-t2-vf",
          "sig-t2-trou",
          "sig-t2-sql",
          "sig-t2-tri",
          "sig-t2-assoc",
        ],
      ],
      [
        "sig-t3",
        "Thème 3 — Travail collaboratif et intelligence collective",
        [
          "sig-t3-qcm",
          "sig-t3-vf",
          "sig-t3-tri",
          "sig-t3-trou",
          "sig-t3-assoc",
        ],
      ],
      [
        "sig-t4",
        "Thème 4 — Réseaux, sécurité et applications",
        [
          "sig-t4-qcm",
          "sig-t4-vf",
          "sig-t4-tri",
          "sig-t4-ordre",
          "sig-t4-trou",
          "sig-t4-assoc",
        ],
      ],
    ],
  },
  {
    "color": "#0f766e",
    "id": "p1-sgn",
    "name": "Sciences de gestion et numérique",
    "niveau": "premiere",
    "themes": [
      [
        "p1-sgn-t1",
        "Thème 1 — De l’individu à l’acteur",
        [
          "p1-sgn-t1-qcm",
          "p1-sgn-t1-tri-comm",
          "p1-sgn-t1-tri-comp",
          "p1-sgn-t1-tri-rc",
          "p1-sgn-t1-ordre",
          "p1-sgn-t1-assoc",
          "p1-sgn-t1-vf",
          "p1-sgn-t1-trou",
          "p1-sgn-t1-flash",
        ],
      ],
      [
        "p1-sgn-t2",
        "Thème 2 — Numérique et intelligence collective",
        [
          "p1-sgn-t2-qcm",
          "p1-sgn-t2-ordre",
          "p1-sgn-t2-vf",
          "p1-sgn-t2-tri",
          "p1-sgn-t2-assoc",
          "p1-sgn-t2-trou",
          "p1-sgn-t2-flash",
        ],
      ],
      [
        "p1-sgn-t3",
        "Thème 3 — Création de valeur et performance",
        [
          "p1-sgn-t3-qcm",
          "p1-sgn-t3-tri",
          "p1-sgn-t3-flash",
        ],
      ],
      [
        "p1-sgn-t4",
        "Thème 4 — Temps et risque",
        [
          "p1-sgn-t4-qcm",
          "p1-sgn-t4-tri",
          "p1-sgn-t4-vf",
          "p1-sgn-t4-flash",
        ],
      ],
    ],
  },
  {
    "color": "#4f46e5",
    "id": "p1-management",
    "name": "Management",
    "niveau": "premiere",
    "themes": [
      [
        "p1-mgmt-t1",
        "Thème 1 — À la rencontre du management des organisations",
        [
          "p1-mgmt-t1-qcm",
          "p1-mgmt-t1-tri",
          "p1-mgmt-t1-tri2",
          "p1-mgmt-t1-flash",
        ],
      ],
      [
        "p1-mgmt-t2",
        "Thème 2 — Le management stratégique, du diagnostic à la fixation des objectifs",
        [
          "p1-mgmt-t2-qcm",
          "p1-mgmt-t2-tri",
          "p1-mgmt-t2-ordre",
          "p1-mgmt-t2-flash",
        ],
      ],
      [
        "p1-mgmt-t3",
        "Thème 3 — Les choix stratégiques des organisations",
        [
          "p1-mgmt-t3-qcm",
          "p1-mgmt-t3-tri",
          "p1-mgmt-t3-flash",
        ],
      ],
    ],
  },
  {
    "color": "#b45309",
    "id": "p1-droit",
    "name": "Droit",
    "niveau": "premiere",
    "themes": [
      [
        "p1-droit-t1",
        "Thème 1 — Qu’est-ce que le droit ?",
        [
          "p1-droit-t1-qcm",
          "p1-droit-t1-ordre",
          "p1-droit-t1-vf",
          "p1-droit-t1-flash",
          "p1-droit-t1-doc",
        ],
      ],
      [
        "p1-droit-t2",
        "Thème 2 — Comment le droit permet-il de régler un litige ?",
        [
          "p1-droit-t2-qcm",
          "p1-droit-t2-tri",
          "p1-droit-t2-flash",
          "p1-droit-t2-doc",
        ],
      ],
      [
        "p1-droit-t3",
        "Thème 3 — Qui peut faire valoir ses droits ?",
        [
          "p1-droit-t3-qcm",
          "p1-droit-t3-tri",
          "p1-droit-t3-flash",
          "p1-droit-t3-doc",
        ],
      ],
      [
        "p1-droit-t4",
        "Thème 4 — Quels sont les droits reconnus aux personnes ?",
        [
          "p1-droit-t4-qcm",
          "p1-droit-t4-assoc",
          "p1-droit-t4-vf",
          "p1-droit-t4-flash",
          "p1-droit-t4-doc",
        ],
      ],
    ],
  },
  {
    "color": "#dc2626",
    "id": "p1-economie",
    "name": "Économie",
    "niveau": "premiere",
    "themes": [
      [
        "p1-eco-t1",
        "Thème 1 — Les grandes questions économiques",
        [
          "p1-eco-t1-qcm",
          "p1-eco-t1-vf",
          "p1-eco-t1-flash",
          "p1-eco-t1-doc",
        ],
      ],
      [
        "p1-eco-t2",
        "Thème 2 — Comment crée-t-on des richesses et comment les mesure-t-on ?",
        [
          "p1-eco-t2-qcm",
          "p1-eco-t2-vf",
          "p1-eco-t2-flash",
          "p1-eco-t2-doc",
        ],
      ],
      [
        "p1-eco-t3",
        "Thème 3 — Comment répartir les revenus et la richesse ?",
        [
          "p1-eco-t3-qcm",
          "p1-eco-t3-tri",
          "p1-eco-t3-flash",
          "p1-eco-t3-doc",
        ],
      ],
      [
        "p1-eco-t4",
        "Thème 4 — Comment les agents économiques se financent-ils ?",
        [
          "p1-eco-t4-qcm",
          "p1-eco-t4-tri",
          "p1-eco-t4-flash",
          "p1-eco-t4-doc",
        ],
      ],
      [
        "p1-eco-t5",
        "Thème 5 — Les marchés sont-ils concurrentiels ?",
        [
          "p1-eco-t5-qcm",
          "p1-eco-t5-vf",
          "p1-eco-t5-flash",
          "p1-eco-t5-doc",
        ],
      ],
    ],
  },
  {
    "color": "#2563eb",
    "id": "p1-maths",
    "name": "Mathématiques",
    "niveau": "premiere",
    "themes": [
      [
        "p1-math-c1",
        "Chapitre 1 — Information chiffrée",
        [
          "p1-math-c1-calc",
          "p1-math-c1-calc2",
          "p1-math-c1-calc3",
          "p1-math-c1-calc4",
          "p1-math-c1-calc5",
          "p1-math-c1-flash",
        ],
      ],
      [
        "p1-math-c2",
        "Chapitre 2 — Suites numériques",
        [
          "p1-math-c2-calc-arith",
          "p1-math-c2-calc-geo",
          "p1-math-c2-calc-baisse",
          "p1-math-c2-flash",
        ],
      ],
      [
        "p1-math-c3",
        "Chapitre 3 — Second degré et fonctions",
        [
          "p1-math-c3-calc-img",
          "p1-math-c3-calc-delta",
          "p1-math-c3-calc-sommet",
          "p1-math-c3-flash",
        ],
      ],
      [
        "p1-math-c4",
        "Chapitre 4 — Dérivation",
        [
          "p1-math-c4-calc-der",
          "p1-math-c4-calc-opt",
          "p1-math-c4-calc-graph",
          "p1-math-c4-flash",
        ],
      ],
      [
        "p1-math-c5",
        "Chapitre 5 — Statistiques à une variable",
        [
          "p1-math-c5-calc-moy",
          "p1-math-c5-calc-med",
          "p1-math-c5-calc-etendue",
          "p1-math-c5-calc-eiq",
          "p1-math-c5-calc-ecart",
          "p1-math-c5-flash",
        ],
      ],
      [
        "p1-math-c6",
        "Chapitre 6 — Probabilités",
        [
          "p1-math-c6-calc-cond",
          "p1-math-c6-calc-tot",
          "p1-math-c6-calc-esp",
          "p1-math-c6-flash",
        ],
      ],
      [
        "p1-math-c7",
        "Chapitre 7 — Algorithmique et Python",
        [
          "p1-math-c7-calc-somme",
          "p1-math-c7-calc-produit",
          "p1-math-c7-calc-compteur",
          "p1-math-c7-flash",
        ],
      ],
    ],
  },
  {
    "color": "#7c3aed",
    "id": "p1-francais",
    "name": "Français (EAF)",
    "niveau": "premiere",
    "themes": [
      [
        "p1-fr-1",
        "Méthode — Le commentaire littéraire",
        [
          "p1-fr-1-qcm",
          "p1-fr-1-vf",
          "p1-fr-1-ordre",
          "p1-fr-1-ordre-intro",
          "p1-fr-1-flash",
        ],
      ],
      [
        "p1-fr-2",
        "Méthode — Contraction de texte & essai",
        [
          "p1-fr-2-qcm",
          "p1-fr-2-ordre",
          "p1-fr-2-tri",
          "p1-fr-2-vf",
          "p1-fr-2-flash",
        ],
      ],
      [
        "p1-fr-3",
        "Les genres & leur vocabulaire",
        [
          "p1-fr-3-qcm",
          "p1-fr-3-tri",
          "p1-fr-3-assoc",
          "p1-fr-3-trou",
          "p1-fr-3-flash",
        ],
      ],
      [
        "p1-fr-4",
        "L’oral & les repères",
        [
          "p1-fr-4-qcm",
          "p1-fr-4-ordre",
          "p1-fr-4-assoc",
          "p1-fr-4-tri",
          "p1-fr-4-flash",
        ],
      ],
    ],
  },
  {
    "color": "#0e7490",
    "id": "p1-histoire-geo",
    "name": "Histoire-Géographie",
    "niveau": "premiere",
    "themes": [
      [
        "p1-hg-h1",
        "Histoire — La Révolution française et l’Empire (1789-1815)",
        [
          "p1-hg-h1-qcm",
          "p1-hg-h1-flash",
          "p1-hg-h1-vf",
        ],
      ],
      [
        "p1-hg-h2",
        "Histoire — La France au XIXe siècle",
        [
          "p1-hg-h2-qcm",
          "p1-hg-h2-vf",
          "p1-hg-h2-flash",
        ],
      ],
      [
        "p1-hg-h3",
        "Histoire — La IIIe République et la Grande Guerre",
        [
          "p1-hg-h3-qcm",
          "p1-hg-h3-flash",
          "p1-hg-h3-vf",
        ],
      ],
      [
        "p1-hg-g1",
        "Géographie — La métropolisation",
        [
          "p1-hg-g1-qcm",
          "p1-hg-g1-flash",
          "p1-hg-g1-vf",
        ],
      ],
      [
        "p1-hg-g2",
        "Géographie — Espaces et acteurs de la production",
        [
          "p1-hg-g2-qcm",
          "p1-hg-g2-flash",
          "p1-hg-g2-vf",
        ],
      ],
      [
        "p1-hg-g3",
        "Géographie — Les espaces ruraux",
        [
          "p1-hg-g3-qcm",
          "p1-hg-g3-flash",
          "p1-hg-g3-vf",
        ],
      ],
    ],
  },
  {
    "color": "#db2777",
    "id": "p1-langues",
    "name": "Langues (Anglais / Espagnol)",
    "niveau": "premiere",
    "themes": [
      [
        "p1-lng-en",
        "Anglais — Grammaire essentielle",
        [
          "p1-lng-en-trou",
          "p1-lng-en-qcm",
          "p1-lng-en-flash",
        ],
      ],
      [
        "p1-lng-es",
        "Espagnol — Grammaire essentielle",
        [
          "p1-lng-es-tri",
          "p1-lng-es-trou",
          "p1-lng-es-qcm",
        ],
      ],
      [
        "p1-lng-axes",
        "Les 8 axes culturels",
        [
          "p1-lng-axes-qcm",
          "p1-lng-axes-ordre",
          "p1-lng-axes-flash",
        ],
      ],
    ],
  },
]
`;

exports[`contenu > paquets de flashcards par matière 1`] = `
{
  "droit": "dbf08a3b48f80f94",
  "economie": "269d37ec8ff7936b",
  "gestion-finance": "70fc3d6474678463",
  "histoire-geo": "914d5af861d68cd7",
  "langues": "b41e97be35b51da2",
  "management": "ac70f2b95a08f3b6",
  "maths": "d17876cd0a77ca87",
  "mercatique": "5240bde849498127",
  "p1-droit": "ef1e8463f0061085",
  "p1-economie": "fa300e119f70d244",
  "p1-francais": "b10b0672d624a17b",
  "p1-histoire-geo": "fdd2a87215842b65",
  "p1-langues": "0e7c813932277e07",
  "p1-management": "7e2e9a34adf4f457",
  "p1-maths": "dd7c9c2685eaec46",
  "p1-sgn": "86502cbcfb9f1a08",
  "philosophie": "41ab333ede85e457",
  "rh-communication": "c6994db9414e9b0e",
  "sig": "7d52ad6dc87198b3",
}
`;

exports[`contenu > recherche 1`] = `
{
  "contrat": [
    {
      "color": "#b45309",
      "id": "droit-t5",
      "label": "Thème 5 — Quel est le rôle du contrat ?",
      "sub": "Droit",
      "subjectId": "droit",
      "type": "chapter",
    },
    {
      "color": "#b45309",
      "id": "droit-t7",
      "label": "Thème 7 — Comment le droit encadre-t-il le travail salarié ?",
      "sub": "Droit",
      "subjectId": "droit",
      "type": "chapter",
    },
    {
      "color": "#b45309",
      "id": "droit-t8",
      "label": "Thème 8 — Dans quel cadre et comment entreprendre ?",
      "sub": "Droit",
      "subjectId": "droit",
      "type": "chapter",
    },
  ],
  "dérivée": [
    {
      "color": "#2563eb",
      "id": "math-c3",
      "label": "Chapitre 3 — Fonctions et dérivation",
      "sub": "Mathématiques",
      "subjectId": "maths",
      "type": "chapter",
    },
    {
      "color": "#2563eb",
      "id": "p1-math-c4",
      "label": "Chapitre 4 — Dérivation",
      "sub": "Mathématiques",
      "subjectId": "p1-maths",
      "type": "chapter",
    },
  ],
  "guerre": [
    {
      "color": "#0e7490",
      "id": "hg-h1",
      "label": "Histoire — Totalitarismes et Seconde Guerre mondiale",
      "sub": "Histoire-Géographie",
      "subjectId": "histoire-geo",
      "type": "chapter",
    },
    {
      "color": "#0e7490",
      "id": "hg-h2",
      "label": "Histoire — Du monde bipolaire au monde multipolaire",
      "sub": "Histoire-Géographie",
      "subjectId": "histoire-geo",
      "type": "chapter",
    },
    {
      "color": "#0e7490",
      "id": "p1-hg-h3",
      "label": "Histoire — La IIIe République et la Grande Guerre",
      "sub": "Histoire-Géographie",
      "subjectId": "p1-histoire-geo",
      "type": "chapter",
    },
  ],
  "management": [
    {
      "color": "#4f46e5",
      "id": "management",
      "label": "Management (MSGN)",
      "sub": "Matière",
      "type": "subject",
    },
    {
      "color": "#4f46e5",
      "id": "mgmt-t2",
      "label": "Thème 2 — Les organisations et les acteurs",
      "sub": "Management (MSGN)",
      "subjectId": "management",
      "type": "chapter",
    },
    {
      "color": "#4f46e5",
      "id": "p1-management",
      "label": "Management",
      "sub": "Matière",
      "type": "subject",
    },
    {
      "color": "#4f46e5",
      "id": "p1-mgmt-t1",
      "label": "Thème 1 — À la rencontre du management des organisations",
      "sub": "Management",
      "subjectId": "p1-management",
      "type": "chapter",
    },
    {
      "color": "#4f46e5",
      "id": "p1-mgmt-t2",
      "label": "Thème 2 — Le management stratégique, du diagnostic à la fixation des objectifs",
      "sub": "Management",
      "subjectId": "p1-management",
      "type": "chapter",
    },
  ],
  "marché": [
    {
      "color": "#dc2626",
      "id": "eco-t6",
      "label": "Thème 6 — Le rôle de l’État",
      "sub": "Économie",
      "subjectId": "economie",
      "type": "chapter",
    },
    {
      "color": "#dc2626",
      "id": "eco-t7",
      "label": "Thème 7 — Emploi et chômage",
      "sub": "Économie",
      "subjectId": "economie",
      "type": "chapter",
    },
    {
      "color": "#c2410c",
      "id": "mkg-t2",
      "label": "Thème 2 — Mercatique et marchés",
      "sub": "Mercatique (Marketing)",
      "subjectId": "mercatique",
      "type": "chapter",
    },
    {
      "color": "#c2410c",
      "id": "mkg-t3",
      "label": "Thème 3 — La mercatique opérationnelle (le mix)",
      "sub": "Mercatique (Marketing)",
      "subjectId": "mercatique",
      "type": "chapter",
    },
    {
      "color": "#dc2626",
      "id": "p1-eco-t4",
      "label": "Thème 4 — Comment les agents économiques se financent-ils ?",
      "sub": "Économie",
      "subjectId": "p1-economie",
      "type": "chapter",
    },
    {
      "color": "#dc2626",
      "id": "p1-eco-t5",
      "label": "Thème 5 — Les marchés sont-ils concurrentiels ?",
      "sub": "Économie",
      "subjectId": "p1-economie",
      "type": "chapter",
    },
  ],
  "seuil": [
    {
      "color": "#047857",
      "id": "gf-t3",
      "label": "Thème 3 — Accompagner la prise de décision",
      "sub": "Gestion et Finance",
      "subjectId": "gestion-finance",
      "type": "chapter",
    },
  ],
  "zz-introuvable": [],
}
`;
