// Vitest Snapshot v1, https://vitest.dev/guide/snapshot.html

exports[`contenu > chaque thème : cours, exercices, flashcards, définitions, tests 1`] = `
{
  "droit-t5": "d8abb6c18f06a175",
  "droit-t6": "2712d81c0c1d7d25",
  "droit-t7": "e0aacd5b5f1e584d",
  "droit-t8": "06f63fe6bccae67b",
  "eco-actu": "a74de22d549911b3",
  "eco-t6": "a8c859e5c6f2d42a",
  "eco-t7": "f4033f14f42af7be",
  "eco-t8": "a37fafd8dfc614fc",
  "eco-t9": "191d7c57f20db1a2",
  "gf-t1": "13770365e763bf2a",
  "gf-t2": "6e2f9f8bd83f6f3c",
  "gf-t3": "6aea17c6ab9054c2",
  "hg-g1": "f0eaeca46d10987e",
  "hg-g2": "f51987d35fd54049",
  "hg-g3": "6472a716e661d346",
  "hg-h1": "f612fe6809005221",
  "hg-h2": "68e571364b3b72e2",
  "hg-h3": "7b5eb59fb8258720",
  "lng-en-comp": "3b56c7f2d2cc55c7",
  "lng-en-gram": "827d7d531d49a0bc",
  "lng-en-grammar-ex": "ad0793f8778962fb",
  "lng-en-verbs": "e37a437bdc299069",
  "lng-en-voc": "7b0c3ec65d3d7bb4",
  "lng-es-comp": "e5304eed7683afe0",
  "lng-es-gram": "4457b5730394cdd6",
  "lng-es-grammar-ex": "c219027107b71038",
  "lng-es-verbs": "71cb4732d2f38b94",
  "lng-es-voc": "d35997ec90c72a5b",
  "math-c1": "0d3b66b9ace56ccc",
  "math-c2": "7d1597b7c85de120",
  "math-c3": "c1134db6bf222e76",
  "math-c4": "6f40efd4b53ecb66",
  "math-c5": "a2c296d5e645cf42",
  "math-c6": "fcd03d3c04ee952f",
  "math-c7": "8d0c083eaf188eec",
  "mgmt-t1": "aac91c358f5fba55",
  "mgmt-t2": "27fe887731dc917c",
  "mgmt-t3": "27ac99f14a9b548d",
  "mkg-t1": "377cc833ca8460a1",
  "mkg-t2": "9dbb13ff6c77152f",
  "mkg-t3": "aab7e4ced96be490",
  "mkg-t4": "de7852f08255bc31",
  "p1-droit-t1": "82daf2b972f76311",
  "p1-droit-t2": "f170002f898b822e",
  "p1-droit-t3": "76c0f86a437bda16",
  "p1-droit-t4": "f037f934c9b2d137",
  "p1-eco-t1": "50972f0451f0d0e3",
  "p1-eco-t2": "ab1068f7ebc33f86",
  "p1-eco-t3": "b1096ce21b69eed8",
  "p1-eco-t4": "89eb538cb7eb2f5f",
  "p1-eco-t5": "16b563ec51848a78",
  "p1-fr-1": "15acc512dfde7077",
  "p1-fr-2": "703830a76151e067",
  "p1-fr-3": "f5a7803b42485dea",
  "p1-fr-4": "1dc97766453355b6",
  "p1-hg-g1": "730c6de72bf2023c",
  "p1-hg-g2": "6a886bf98ada7362",
  "p1-hg-g3": "91d8d6c250fe1294",
  "p1-hg-h1": "76dc25d63e4c4b9e",
  "p1-hg-h2": "6be590d50e10980b",
  "p1-hg-h3": "4fc0e561b1fe3206",
  "p1-lng-axes": "f6ed34126ced37f0",
  "p1-lng-en": "d031b811bc96f99b",
  "p1-lng-es": "ae894fdf27e46196",
  "p1-math-c1": "bca5ddf3763f553a",
  "p1-math-c2": "b4beece006940e3b",
  "p1-math-c3": "886bab30db81d1b1",
  "p1-math-c4": "5ffb547c56043b79",
  "p1-math-c5": "ea58645ac6c2480a",
  "p1-math-c6": "8855cab072aa49ba",
  "p1-math-c7": "b197475bdb2af7a6",
  "p1-mgmt-t1": "5a7969ee7bf5f1f6",
  "p1-mgmt-t2": "489ec8b6c403fb50",
  "p1-mgmt-t3": "eed01c0cce349d22",
  "p1-sgn-t1": "8ceba43283095be8",
  "p1-sgn-t2": "f9b43c49d4f69631",
  "p1-sgn-t3": "ffc03ecdc0ac43e4",
  "p1-sgn-t4": "315c384528b21f41",
  "philo-art": "99f1cd1c54050883",
  "philo-justice": "e7cdaf68cdcf7f6f",
  "philo-liberte": "1fc20af9cd574e5f",
  "philo-methode": "498b07b72468ac51",
  "philo-nature": "fabb6fb05eeeeff8",
  "philo-religion": "6bb82cbfa6b883c9",
  "philo-technique": "a8952782b84c6aa0",
  "philo-verite": "da59a4ca22155462",
  "rh-t1": "ce56e9cd16be8e8a",
  "rh-t2": "cceb155fee33094f",
  "rh-t3": "d50f8a6dc42b468d",
  "rh-t4": "3ae064abd4708d74",
  "sig-t1": "e5f9336987b93768",
  "sig-t2": "54be5d2c3af26581",
  "sig-t3": "182e877027b4b015",
  "sig-t4": "02c7fe2ca924bc5e",
}
`;

exports[`contenu > liste des matières et de leurs thèmes 1`] = `
[
  {
    "color": "#059669",
    "id": "gestion-finance",
    "name": "Gestion et Finance",
    "niveau": undefined,
    "themes": [
      [
        "gf-t1",
        "Thème 1 — Appliquer les règles comptables",
        [
          "gf-t1-qcm",
          "gf-t1-flash",
          "gf-t1-assoc",
          "gf-t1-tri",
          "gf-t1-ordre",
          "gf-t1-trou",
          "gf-t1-calc-tva",
          "gf-t1-calc-amo",
          "gf-t1-vf",
        ],
      ],
      [
        "gf-t2",
        "Thème 2 — Analyser la situation de l’entreprise",
        [
          "gf-t2-qcm",
          "gf-t2-ordre",
          "gf-t2-assoc",
          "gf-t2-flash",
          "gf-t2-tri",
          "gf-t2-calc-frng",
          "gf-t2-calc-caf",
          "gf-t2-vf",
        ],
      ],
      [
        "gf-t3",
        "Thème 3 — Accompagner la prise de décision",
        [
          "gf-t3-qcm",
          "gf-t3-calc-seuil",
          "gf-t3-tri",
          "gf-t3-assoc",
          "gf-t3-flash",
          "gf-t3-trou",
          "gf-t3-vf",
        ],
      ],
    ],
  },
  {
    "color": "#4f46e5",
    "id": "management",
    "name": "Management (MSGN)",
    "niveau": undefined,
    "themes": [
      [
        "mgmt-t1",
        "Thème 1 — Les organisations et l’activité de production",
        [
          "mgmt-t1-qcm",
          "mgmt-t1-tri",
          "mgmt-t1-assoc",
          "mgmt-t1-flash",
          "mgmt-t1-vf",
        ],
      ],
      [
        "mgmt-t2",
        "Thème 2 — Les organisations et les acteurs",
        [
          "mgmt-t2-qcm",
          "mgmt-t2-tri",
          "mgmt-t2-assoc",
          "mgmt-t2-flash",
          "mgmt-t2-vf",
        ],
      ],
      [
        "mgmt-t3",
        "Thème 3 — Les organisations et la société",
        [
          "mgmt-t3-qcm",
          "mgmt-t3-flash",
          "mgmt-t3-tri",
          "mgmt-t3-vf",
        ],
      ],
    ],
  },
  {
    "color": "#d97706",
    "id": "droit",
    "name": "Droit",
    "niveau": undefined,
    "themes": [
      [
        "droit-t5",
        "Thème 5 — Quel est le rôle du contrat ?",
        [
          "droit-t5-qcm",
          "droit-t5-ordre",
          "droit-t5-flash",
          "droit-t5-assoc",
          "droit-t5-vf",
          "droit-t5-doc",
        ],
      ],
      [
        "droit-t6",
        "Thème 6 — Qu’est-ce qu’être responsable ?",
        [
          "droit-t6-qcm",
          "droit-t6-tri",
          "droit-t6-assoc",
          "droit-t6-flash",
          "droit-t6-vf",
          "droit-t6-doc",
        ],
      ],
      [
        "droit-t7",
        "Thème 7 — Comment le droit encadre-t-il le travail salarié ?",
        [
          "droit-t7-qcm",
          "droit-t7-assoc",
          "droit-t7-flash",
          "droit-t7-vf",
          "droit-t7-doc",
        ],
      ],
      [
        "droit-t8",
        "Thème 8 — Dans quel cadre et comment entreprendre ?",
        [
          "droit-t8-qcm",
          "droit-t8-assoc",
          "droit-t8-flash",
          "droit-t8-vf",
          "droit-t8-doc",
        ],
      ],
    ],
  },
  {
    "color": "#dc2626",
    "id": "economie",
    "name": "Économie",
    "niveau": undefined,
    "themes": [
      [
        "eco-t6",
        "Thème 6 — Le rôle de l’État",
        [
          "eco-t6-qcm",
          "eco-t6-assoc",
          "eco-t6-flash",
          "eco-t6-vf",
          "eco-t6-doc",
        ],
      ],
      [
        "eco-t7",
        "Thème 7 — Emploi et chômage",
        [
          "eco-t7-qcm",
          "eco-t7-assoc",
          "eco-t7-flash",
          "eco-t7-vf",
          "eco-t7-calc",
          "eco-t7-doc",
        ],
      ],
      [
        "eco-t8",
        "Thème 8 — Le commerce international",
        [
          "eco-t8-qcm",
          "eco-t8-tri",
          "eco-t8-flash",
          "eco-t8-vf",
          "eco-t8-doc",
        ],
      ],
      [
        "eco-t9",
        "Thème 9 — Croissance et développement durable",
        [
          "eco-t9-qcm",
          "eco-t9-flash",
          "eco-t9-vf",
          "eco-t9-doc",
        ],
      ],
      [
        "eco-actu",
        "Actualité économique — relier le cours à l’actu",
        [
          "eco-actu-qcm",
          "eco-actu-assoc",
        ],
      ],
    ],
  },
  {
    "color": "#2563eb",
    "id": "maths",
    "name": "Mathématiques",
    "niveau": undefined,
    "themes": [
      [
        "math-c1",
        "Chapitre 1 — Informations chiffrées",
        [
          "math-c1-qcm",
          "math-c1-calc-t",
          "math-c1-calc-succ",
          "math-c1-calc-val",
          "math-c1-calc-indice",
          "math-c1-calc-moyen",
          "math-c1-calc-recip",
          "math-c1-flash",
        ],
      ],
      [
        "math-c2",
        "Chapitre 2 — Suites numériques",
        [
          "math-c2-qcm",
          "math-c2-calc-arith",
          "math-c2-calc-geo",
          "math-c2-calc-baisse",
          "math-c2-flash",
        ],
      ],
      [
        "math-c3",
        "Chapitre 3 — Fonctions et dérivation",
        [
          "math-c3-qcm",
          "math-c3-calc-img",
          "math-c3-calc-der",
          "math-c3-calc-graph",
          "math-c3-flash",
        ],
      ],
      [
        "math-c4",
        "Chapitre 4 — Statistiques à deux variables",
        [
          "math-c4-qcm",
          "math-c4-calc-moy",
          "math-c4-calc-nuage",
          "math-c4-calc-etendue",
          "math-c4-flash",
        ],
      ],
      [
        "math-c5",
        "Chapitre 5 — Probabilités conditionnelles",
        [
          "math-c5-qcm",
          "math-c5-calc-cond",
          "math-c5-calc-tot",
          "math-c5-flash",
        ],
      ],
      [
        "math-c6",
        "Chapitre 6 — Loi binomiale",
        [
          "math-c6-qcm",
          "math-c6-calc-esp",
          "math-c6-calc-var",
          "math-c6-flash",
        ],
      ],
      [
        "math-c7",
        "Chapitre 7 — Loi normale et estimation",
        [
          "math-c7-qcm",
          "math-c7-calc-amp",
          "math-c7-calc-borne",
          "math-c7-flash",
        ],
      ],
    ],
  },
  {
    "color": "#9333ea",
    "id": "philosophie",
    "name": "Philosophie",
    "niveau": undefined,
    "themes": [
      [
        "philo-art",
        "L’art",
        [
          "philo-art-flash",
          "philo-art-assoc",
          "philo-art-qcm",
          "philo-art-vf",
        ],
      ],
      [
        "philo-justice",
        "La justice",
        [
          "philo-justice-flash",
          "philo-justice-assoc",
          "philo-justice-qcm",
          "philo-justice-vf",
        ],
      ],
      [
        "philo-liberte",
        "La liberté",
        [
          "philo-liberte-flash",
          "philo-liberte-assoc",
          "philo-liberte-qcm",
          "philo-liberte-vf",
        ],
      ],
      [
        "philo-nature",
        "La nature",
        [
          "philo-nature-flash",
          "philo-nature-assoc",
          "philo-nature-qcm",
          "philo-nature-vf",
        ],
      ],
      [
        "philo-religion",
        "La religion",
        [
          "philo-religion-flash",
          "philo-religion-assoc",
          "philo-religion-qcm",
          "philo-religion-vf",
        ],
      ],
      [
        "philo-technique",
        "La technique",
        [
          "philo-technique-flash",
          "philo-technique-assoc",
          "philo-technique-qcm",
          "philo-technique-vf",
        ],
      ],
      [
        "philo-verite",
        "La vérité",
        [
          "philo-verite-flash",
          "philo-verite-assoc",
          "philo-verite-qcm",
          "philo-verite-vf",
        ],
      ],
      [
        "philo-methode",
        "Méthode & auteurs",
        [
          "philo-methode-ordre",
          "philo-methode-ordre2",
          "philo-methode-tri",
          "philo-methode-auteurs",
          "philo-methode-cit",
          "philo-methode-qcm",
          "philo-methode-vf",
        ],
      ],
    ],
  },
  {
    "color": "#0891b2",
    "id": "histoire-geo",
    "name": "Histoire-Géographie",
    "niveau": undefined,
    "themes": [
      [
        "hg-h1",
        "Histoire — Totalitarismes et Seconde Guerre mondiale",
        [
          "hg-h1-qcm",
          "hg-h1-flash",
          "hg-h1-vf",
        ],
      ],
      [
        "hg-h2",
        "Histoire — Du monde bipolaire au monde multipolaire",
        [
          "hg-h2-qcm",
          "hg-h2-flash",
          "hg-h2-vf",
        ],
      ],
      [
        "hg-h3",
        "Histoire — La France depuis 1945",
        [
          "hg-h3-qcm",
          "hg-h3-flash",
          "hg-h3-vf",
        ],
      ],
      [
        "hg-g1",
        "Géographie — Mers et océans au cœur de la mondialisation",
        [
          "hg-g1-qcm",
          "hg-g1-flash",
          "hg-g1-vf",
        ],
      ],
      [
        "hg-g2",
        "Géographie — Des territoires inégalement intégrés",
        [
          "hg-g2-qcm",
          "hg-g2-flash",
          "hg-g2-vf",
        ],
      ],
      [
        "hg-g3",
        "Géographie — La France dans l’UE et la mondialisation",
        [
          "hg-g3-qcm",
          "hg-g3-flash",
          "hg-g3-vf",
        ],
      ],
    ],
  },
  {
    "color": "#db2777",
    "id": "langues",
    "name": "Langues (Anglais / Espagnol)",
    "niveau": undefined,
    "themes": [
      [
        "lng-en-gram",
        "Anglais — Toutes les conjugaisons",
        [
          "lng-en-present-trou",
          "lng-en-past-qcm",
          "lng-en-future-trou",
          "lng-en-modal-qcm",
          "lng-en-cond-trou",
          "lng-en-irr-memory",
          "lng-en-irr-trou",
        ],
      ],
      [
        "lng-en-voc",
        "Anglais — Vocabulaire",
        [
          "lng-en-voc-daily-memory",
          "lng-en-voc-biz-qcm",
          "lng-en-voc-env-assoc",
          "lng-en-voc-phrasal-qcm",
        ],
      ],
      [
        "lng-en-verbs",
        "Anglais — Verbes irréguliers",
        [
          "lng-en-verbs-gen",
        ],
      ],
      [
        "lng-en-grammar-ex",
        "Anglais — Grammaire (exercices)",
        [
          "lng-en-grammar-gen",
        ],
      ],
      [
        "lng-en-comp",
        "Anglais — Compréhension",
        [
          "cmp-en-a2-read",
          "cmp-en-a2-listen",
          "cmp-en-b1-read",
          "cmp-en-b1-listen",
          "cmp-en-b2-read",
          "cmp-en-b2-listen",
        ],
      ],
      [
        "lng-es-gram",
        "Espagnol — Toutes les conjugaisons",
        [
          "lng-es-serestar-tri",
          "lng-es-presente-trou",
          "lng-es-pasado-tri",
          "lng-es-perfecto-trou",
          "lng-es-futuro-trou",
          "lng-es-subj-qcm",
          "lng-es-gustar-qcm",
          "lng-es-irr-memory",
        ],
      ],
      [
        "lng-es-voc",
        "Espagnol — Vocabulaire",
        [
          "lng-es-voc-daily-memory",
          "lng-es-voc-empresa-qcm",
          "lng-es-voc-medio-assoc",
          "lng-es-voc-verbos-memory",
        ],
      ],
      [
        "lng-es-verbs",
        "Espagnol — Verbes irréguliers",
        [
          "lng-es-verbs-gen",
        ],
      ],
      [
        "lng-es-grammar-ex",
        "Espagnol — Grammaire (exercices)",
        [
          "lng-es-grammar-gen",
        ],
      ],
      [
        "lng-es-comp",
        "Espagnol — Compréhension",
        [
          "cmp-es-a2-read",
          "cmp-es-a2-listen",
          "cmp-es-b1-read",
          "cmp-es-b1-listen",
          "cmp-es-b2-read",
          "cmp-es-b2-listen",
        ],
      ],
    ],
  },
  {
    "color": "#f97316",
    "id": "mercatique",
    "name": "Mercatique (Marketing)",
    "niveau": undefined,
    "themes": [
      [
        "mkg-t1",
        "Thème 1 — Mercatique et consommateurs",
        [
          "mkg-t1-qcm",
          "mkg-t1-vf",
          "mkg-t1-ordre",
          "mkg-t1-tri",
          "mkg-t1-trou",
          "mkg-t1-assoc",
        ],
      ],
      [
        "mkg-t2",
        "Thème 2 — Mercatique et marchés",
        [
          "mkg-t2-qcm",
          "mkg-t2-vf",
          "mkg-t2-ordre",
          "mkg-t2-tri",
          "mkg-t2-trou",
          "mkg-t2-assoc",
        ],
      ],
      [
        "mkg-t3",
        "Thème 3 — La mercatique opérationnelle (le mix)",
        [
          "mkg-t3-qcm",
          "mkg-t3-vf",
          "mkg-t3-ordre",
          "mkg-t3-tri",
          "mkg-t3-assoc",
        ],
      ],
      [
        "mkg-t4",
        "Thème 4 — Mercatique et société",
        [
          "mkg-t4-qcm",
          "mkg-t4-vf",
          "mkg-t4-tri",
          "mkg-t4-assoc",
        ],
      ],
    ],
  },
  {
    "color": "#db2777",
    "id": "rh-communication",
    "name": "Ressources humaines & Communication",
    "niveau": undefined,
    "themes": [
      [
        "rh-t1",
        "Thème 1 — Mobiliser les ressources humaines",
        [
          "rh-t1-qcm",
          "rh-t1-vf",
          "rh-t1-ordre",
          "rh-t1-tri",
          "rh-t1-trou",
          "rh-t1-assoc",
        ],
      ],
      [
        "rh-t2",
        "Thème 2 — Cohésion et conflits",
        [
          "rh-t2-qcm",
          "rh-t2-vf",
          "rh-t2-tri",
          "rh-t2-trou",
          "rh-t2-assoc",
        ],
      ],
      [
        "rh-t3",
        "Thème 3 — La communication",
        [
          "rh-t3-qcm",
          "rh-t3-vf",
          "rh-t3-ordre",
          "rh-t3-tri",
          "rh-t3-trou",
        ],
      ],
      [
        "rh-t4",
        "Thème 4 — Coordination et conditions de travail",
        [
          "rh-t4-qcm",
          "rh-t4-vf",
          "rh-t4-tri",
          "rh-t4-trou",
          "rh-t4-assoc",
        ],
      ],
    ],
  },
  {
    "color": "#0ea5e9",
    "id": "sig",
    "name": "Systèmes d’information de gestion",
    "niveau": undefined,
    "themes": [
      [
        "sig-t1",
        "Thème 1 — Le système d’information dans l’organisation",
        [
          "sig-t1-qcm",
          "sig-t1-vf",
          "sig-t1-tri",
          "sig-t1-ordre",
          "sig-t1-trou",
          "sig-t1-assoc",
        ],
      ],
      [
        "sig-t2",
        "Thème 2 — Les bases de données et le langage SQL",
        [
          "sig-t2-qcm",
          "sig-t2-vf",
          "sig-t2-trou",
          "sig-t2-sql",
          "sig-t2-tri",
          "sig-t2-assoc",
        ],
      ],
      [
        "sig-t3",
        "Thème 3 — Travail collaboratif et intelligence collective",
        [
          "sig-t3-qcm",
          "sig-t3-vf",
          "sig-t3-tri",
          "sig-t3-trou",
          "sig-t3-assoc",
        ],
      ],
      [
        "sig-t4",
        "Thème 4 — Réseaux, sécurité et applications",
        [
          "sig-t4-qcm",
          "sig-t4-vf",
          "sig-t4-tri",
          "sig-t4-ordre",
          "sig-t4-trou",
          "sig-t4-assoc",
        ],
      ],
    ],
  },
  {
    "color": "#0d9488",
    "id": "p1-sgn",
    "name": "Sciences de gestion et numérique",
    "niveau": "premiere",
    "themes": [
      [
        "p1-sgn-t1",
        "Thème 1 — De l’individu à l’acteur",
        [
          "p1-sgn-t1-qcm",
          "p1-sgn-t1-tri-comm",
          "p1-sgn-t1-tri-comp",
          "p1-sgn-t1-tri-rc",
          "p1-sgn-t1-ordre",
          "p1-sgn-t1-assoc",
          "p1-sgn-t1-vf",
          "p1-sgn-t1-trou",
          "p1-sgn-t1-flash",
        ],
      ],
      [
        "p1-sgn-t2",
        "Thème 2 — Numérique et intelligence collective",
        [
          "p1-sgn-t2-qcm",
          "p1-sgn-t2-ordre",
          "p1-sgn-t2-vf",
          "p1-sgn-t2-tri",
          "p1-sgn-t2-assoc",
          "p1-sgn-t2-trou",
          "p1-sgn-t2-flash",
        ],
      ],
      [
        "p1-sgn-t3",
        "Thème 3 — Création de valeur et performance",
        [
          "p1-sgn-t3-qcm",
          "p1-sgn-t3-tri",
          "p1-sgn-t3-flash",
        ],
      ],
      [
        "p1-sgn-t4",
        "Thème 4 — Temps et risque",
        [
          "p1-sgn-t4-qcm",
          "p1-sgn-t4-tri",
          "p1-sgn-t4-vf",
          "p1-sgn-t4-flash",
        ],
      ],
    ],
  },
  {
    "color": "#4f46e5",
    "id": "p1-management",
    "name": "Management",
    "niveau": "premiere",
    "themes": [
      [
        "p1-mgmt-t1",
        "Thème 1 — À la rencontre du management des organisations",
        [
          "p1-mgmt-t1-qcm",
          "p1-mgmt-t1-tri",
          "p1-mgmt-t1-tri2",
          "p1-mgmt-t1-flash",
        ],
      ],
      [
        "p1-mgmt-t2",
        "Thème 2 — Le management stratégique, du diagnostic à la fixation des objectifs",
        [
          "p1-mgmt-t2-qcm",
          "p1-mgmt-t2-tri",
          "p1-mgmt-t2-ordre",
          "p1-mgmt-t2-flash",
        ],
      ],
      [
        "p1-mgmt-t3",
        "Thème 3 — Les choix stratégiques des organisations",
        [
          "p1-mgmt-t3-qcm",
          "p1-mgmt-t3-tri",
          "p1-mgmt-t3-flash",
        ],
      ],
    ],
  },
  {
    "color": "#d97706",
    "id": "p1-droit",
    "name": "Droit",
    "niveau": "premiere",
    "themes": [
      [
        "p1-droit-t1",
        "Thème 1 — Qu’est-ce que le droit ?",
        [
          "p1-droit-t1-qcm",
          "p1-droit-t1-ordre",
          "p1-droit-t1-vf",
          "p1-droit-t1-flash",
          "p1-droit-t1-doc",
        ],
      ],
      [
        "p1-droit-t2",
        "Thème 2 — Comment le droit permet-il de régler un litige ?",
        [
          "p1-droit-t2-qcm",
          "p1-droit-t2-tri",
          "p1-droit-t2-flash",
          "p1-droit-t2-doc",
        ],
      ],
      [
        "p1-droit-t3",
        "Thème 3 — Qui peut faire valoir ses droits ?",
        [
          "p1-droit-t3-qcm",
          "p1-droit-t3-tri",
          "p1-droit-t3-flash",
          "p1-droit-t3-doc",
        ],
      ],
      [
        "p1-droit-t4",
        "Thème 4 — Quels sont les droits reconnus aux personnes ?",
        [
          "p1-droit-t4-qcm",
          "p1-droit-t4-assoc",
          "p1-droit-t4-vf",
          "p1-droit-t4-flash",
          "p1-droit-t4-doc",
        ],
      ],
    ],
  },
  {
    "color": "#dc2626",
    "id": "p1-economie",
    "name": "Économie",
    "niveau": "premiere",
    "themes": [
      [
        "p1-eco-t1",
        "Thème 1 — Les grandes questions économiques",
        [
          "p1-eco-t1-qcm",
          "p1-eco-t1-vf",
          "p1-eco-t1-flash",
          "p1-eco-t1-doc",
        ],
      ],
      [
        "p1-eco-t2",
        "Thème 2 — Comment crée-t-on des richesses et comment les mesure-t-on ?",
        [
          "p1-eco-t2-qcm",
          "p1-eco-t2-vf",
          "p1-eco-t2-flash",
          "p1-eco-t2-doc",
        ],
      ],
      [
        "p1-eco-t3",
        "Thème 3 — Comment répartir les revenus et la richesse ?",
        [
          "p1-eco-t3-qcm",
          "p1-eco-t3-tri",
          "p1-eco-t3-flash",
          "p1-eco-t3-doc",
        ],
      ],
      [
        "p1-eco-t4",
        "Thème 4 — Comment les agents économiques se financent-ils ?",
        [
          "p1-eco-t4-qcm",
          "p1-eco-t4-tri",
          "p1-eco-t4-flash",
          "p1-eco-t4-doc",
        ],
      ],
      [
        "p1-eco-t5",
        "Thème 5 — Les marchés sont-ils concurrentiels ?",
        [
          "p1-eco-t5-qcm",
          "p1-eco-t5-vf",
          "p1-eco-t5-flash",
          "p1-eco-t5-doc",
        ],
      ],
    ],
  },
  {
    "color": "#2563eb",
    "id": "p1-maths",
    "name": "Mathématiques",
    "niveau": "premiere",
    "themes": [
      [
        "p1-math-c1",
        "Chapitre 1 — Information chiffrée",
        [
          "p1-math-c1-calc",
          "p1-math-c1-calc2",
          "p1-math-c1-calc3",
          "p1-math-c1-calc4",
          "p1-math-c1-calc5",
          "p1-math-c1-flash",
        ],
      ],
      [
        "p1-math-c2",
        "Chapitre 2 — Suites numériques",
        [
          "p1-math-c2-calc-arith",
          "p1-math-c2-calc-geo",
          "p1-math-c2-calc-baisse",
          "p1-math-c2-flash",
        ],
      ],
      [
        "p1-math-c3",
        "Chapitre 3 — Second degré et fonctions",
        [
          "p1-math-c3-calc-img",
          "p1-math-c3-calc-delta",
          "p1-math-c3-calc-sommet",
          "p1-math-c3-flash",
        ],
      ],
      [
        "p1-math-c4",
        "Chapitre 4 — Dérivation",
        [
          "p1-math-c4-calc-der",
          "p1-math-c4-calc-opt",
          "p1-math-c4-calc-graph",
          "p1-math-c4-flash",
        ],
      ],
      [
        "p1-math-c5",
        "Chapitre 5 — Statistiques à une variable",
        [
          "p1-math-c5-calc-moy",
          "p1-math-c5-calc-med",
          "p1-math-c5-calc-etendue",
          "p1-math-c5-calc-eiq",
          "p1-math-c5-calc-ecart",
          "p1-math-c5-flash",
        ],
      ],
      [
        "p1-math-c6",
        "Chapitre 6 — Probabilités",
        [
          "p1-math-c6-calc-cond",
          "p1-math-c6-calc-tot",
          "p1-math-c6-calc-esp",
          "p1-math-c6-flash",
        ],
      ],
      [
        "p1-math-c7",
        "Chapitre 7 — Algorithmique et Python",
        [
          "p1-math-c7-calc-somme",
          "p1-math-c7-calc-produit",
          "p1-math-c7-calc-compteur",
          "p1-math-c7-flash",
        ],
      ],
    ],
  },
  {
    "color": "#7c3aed",
    "id": "p1-francais",
    "name": "Français (EAF)",
    "niveau": "premiere",
    "themes": [
      [
        "p1-fr-1",
        "Méthode — Le commentaire littéraire",
        [
          "p1-fr-1-qcm",
          "p1-fr-1-vf",
          "p1-fr-1-ordre",
          "p1-fr-1-ordre-intro",
          "p1-fr-1-flash",
        ],
      ],
      [
        "p1-fr-2",
        "Méthode — Contraction de texte & essai",
        [
          "p1-fr-2-qcm",
          "p1-fr-2-ordre",
          "p1-fr-2-tri",
          "p1-fr-2-vf",
          "p1-fr-2-flash",
        ],
      ],
      [
        "p1-fr-3",
        "Les genres & leur vocabulaire",
        [
          "p1-fr-3-qcm",
          "p1-fr-3-tri",
          "p1-fr-3-assoc",
          "p1-fr-3-trou",
          "p1-fr-3-flash",
        ],
      ],
      [
        "p1-fr-4",
        "L’oral & les repères",
        [
          "p1-fr-4-qcm",
          "p1-fr-4-ordre",
          "p1-fr-4-assoc",
          "p1-fr-4-tri",
          "p1-fr-4-flash",
        ],
      ],
    ],
  },
  {
    "color": "#0891b2",
    "id": "p1-histoire-geo",
    "name": "Histoire-Géographie",
    "niveau": "premiere",
    "themes": [
      [
        "p1-hg-h1",
        "Histoire — La Révolution française et l’Empire (1789-1815)",
        [
          "p1-hg-h1-qcm",
          "p1-hg-h1-flash",
          "p1-hg-h1-vf",
        ],
      ],
      [
        "p1-hg-h2",
        "Histoire — La France au XIXe siècle",
        [
          "p1-hg-h2-qcm",
          "p1-hg-h2-vf",
          "p1-hg-h2-flash",
        ],
      ],
      [
        "p1-hg-h3",
        "Histoire — La IIIe République et la Grande Guerre",
        [
          "p1-hg-h3-qcm",
          "p1-hg-h3-flash",
          "p1-hg-h3-vf",
        ],
      ],
      [
        "p1-hg-g1",
        "Géographie — La métropolisation",
        [
          "p1-hg-g1-qcm",
          "p1-hg-g1-flash",
          "p1-hg-g1-vf",
        ],
      ],
      [
        "p1-hg-g2",
        "Géographie — Espaces et acteurs de la production",
        [
          "p1-hg-g2-qcm",
          "p1-hg-g2-flash",
          "p1-hg-g2-vf",
        ],
      ],
      [
        "p1-hg-g3",
        "Géographie — Les espaces ruraux",
        [
          "p1-hg-g3-qcm",
          "p1-hg-g3-flash",
          "p1-hg-g3-vf",
        ],
      ],
    ],
  },
  {
    "color": "#db2777",
    "id": "p1-langues",
    "name": "Langues (Anglais / Espagnol)",
    "niveau": "premiere",
    "themes": [
      [
        "p1-lng-en",
        "Anglais — Grammaire essentielle",
        [
          "p1-lng-en-trou",
          "p1-lng-en-qcm",
          "p1-lng-en-flash",
        ],
      ],
      [
        "p1-lng-es",
        "Espagnol — Grammaire essentielle",
        [
          "p1-lng-es-tri",
          "p1-lng-es-trou",
          "p1-lng-es-qcm",
        ],
      ],
      [
        "p1-lng-axes",
        "Les 8 axes culturels",
        [
          "p1-lng-axes-qcm",
          "p1-lng-axes-ordre",
          "p1-lng-axes-flash",
        ],
      ],
    ],
  },
]
`;

exports[`contenu > paquets de flashcards par matière 1`] = `
{
  "droit": "e968d6bef00dce18",
  "economie": "dee240e039052670",
  "gestion-finance": "ce84adf9d76bcaa7",
  "histoire-geo": "e3593ab4223f8c2b",
  "langues": "6cbe33d38d64ae11",
  "management": "e519595c6eb732b5",
  "maths": "0d0ca0aba9b6afad",
  "mercatique": "0297f5a1e7732f17",
  "p1-droit": "1f87ec559298e175",
  "p1-economie": "92beef4985c5b1a3",
  "p1-francais": "2d5c1669f723599c",
  "p1-histoire-geo": "7655f09b86732f79",
  "p1-langues": "b99d22d0a53bfb00",
  "p1-management": "5ec75385e4b15b57",
  "p1-maths": "dd7c9c2685eaec46",
  "p1-sgn": "43298258a4f3f2a7",
  "philosophie": "e0c523ccad4cefe3",
  "rh-communication": "d14ec484993c57f1",
  "sig": "7b99655922a0600a",
}
`;

exports[`contenu > recherche 1`] = `
{
  "contrat": [
    {
      "color": "#d97706",
      "id": "droit-t5",
      "label": "Thème 5 — Quel est le rôle du contrat ?",
      "sub": "Droit",
      "subjectId": "droit",
      "type": "chapter",
    },
    {
      "color": "#d97706",
      "id": "droit-t7",
      "label": "Thème 7 — Comment le droit encadre-t-il le travail salarié ?",
      "sub": "Droit",
      "subjectId": "droit",
      "type": "chapter",
    },
    {
      "color": "#d97706",
      "id": "droit-t8",
      "label": "Thème 8 — Dans quel cadre et comment entreprendre ?",
      "sub": "Droit",
      "subjectId": "droit",
      "type": "chapter",
    },
  ],
  "dérivée": [
    {
      "color": "#2563eb",
      "id": "math-c3",
      "label": "Chapitre 3 — Fonctions et dérivation",
      "sub": "Mathématiques",
      "subjectId": "maths",
      "type": "chapter",
    },
    {
      "color": "#2563eb",
      "id": "p1-math-c4",
      "label": "Chapitre 4 — Dérivation",
      "sub": "Mathématiques",
      "subjectId": "p1-maths",
      "type": "chapter",
    },
  ],
  "guerre": [
    {
      "color": "#0891b2",
      "id": "hg-h1",
      "label": "Histoire — Totalitarismes et Seconde Guerre mondiale",
      "sub": "Histoire-Géographie",
      "subjectId": "histoire-geo",
      "type": "chapter",
    },
    {
      "color": "#0891b2",
      "id": "hg-h2",
      "label": "Histoire — Du monde bipolaire au monde multipolaire",
      "sub": "Histoire-Géographie",
      "subjectId": "histoire-geo",
      "type": "chapter",
    },
    {
      "color": "#0891b2",
      "id": "p1-hg-h3",
      "label": "Histoire — La IIIe République et la Grande Guerre",
      "sub": "Histoire-Géographie",
      "subjectId": "p1-histoire-geo",
      "type": "chapter",
    },
  ],
  "management": [
    {
      "color": "#4f46e5",
      "id": "management",
      "label": "Management (MSGN)",
      "sub": "Matière",
      "type": "subject",
    },
    {
      "color": "#4f46e5",
      "id": "mgmt-t2",
      "label": "Thème 2 — Les organisations et les acteurs",
      "sub": "Management (MSGN)",
      "subjectId": "management",
      "type": "chapter",
    },
    {
      "color": "#4f46e5",
      "id": "p1-management",
      "label": "Management",
      "sub": "Matière",
      "type": "subject",
    },
    {
      "color": "#4f46e5",
      "id": "p1-mgmt-t1",
      "label": "Thème 1 — À la rencontre du management des organisations",
      "sub": "Management",
      "subjectId": "p1-management",
      "type": "chapter",
    },
    {
      "color": "#4f46e5",
      "id": "p1-mgmt-t2",
      "label": "Thème 2 — Le management stratégique, du diagnostic à la fixation des objectifs",
      "sub": "Management",
      "subjectId": "p1-management",
      "type": "chapter",
    },
  ],
  "marché": [
    {
      "color": "#dc2626",
      "id": "eco-t6",
      "label": "Thème 6 — Le rôle de l’État",
      "sub": "Économie",
      "subjectId": "economie",
      "type": "chapter",
    },
    {
      "color": "#dc2626",
      "id": "eco-t7",
      "label": "Thème 7 — Emploi et chômage",
      "sub": "Économie",
      "subjectId": "economie",
      "type": "chapter",
    },
    {
      "color": "#f97316",
      "id": "mkg-t2",
      "label": "Thème 2 — Mercatique et marchés",
      "sub": "Mercatique (Marketing)",
      "subjectId": "mercatique",
      "type": "chapter",
    },
    {
      "color": "#f97316",
      "id": "mkg-t3",
      "label": "Thème 3 — La mercatique opérationnelle (le mix)",
      "sub": "Mercatique (Marketing)",
      "subjectId": "mercatique",
      "type": "chapter",
    },
    {
      "color": "#dc2626",
      "id": "p1-eco-t4",
      "label": "Thème 4 — Comment les agents économiques se financent-ils ?",
      "sub": "Économie",
      "subjectId": "p1-economie",
      "type": "chapter",
    },
    {
      "color": "#dc2626",
      "id": "p1-eco-t5",
      "label": "Thème 5 — Les marchés sont-ils concurrentiels ?",
      "sub": "Économie",
      "subjectId": "p1-economie",
      "type": "chapter",
    },
  ],
  "seuil": [
    {
      "color": "#059669",
      "id": "gf-t3",
      "label": "Thème 3 — Accompagner la prise de décision",
      "sub": "Gestion et Finance",
      "subjectId": "gestion-finance",
      "type": "chapter",
    },
  ],
  "zz-introuvable": [],
}
`;
