// Vitest Snapshot v1, https://vitest.dev/guide/snapshot.html

exports[`calcul express > mêmes tirages pour une même graine 1`] = `
{
  "amortissement": "651aca98ad6d3476",
  "amplitude_ic": "7717e2ef8e89d5a5",
  "borne_ic": "10f93ccceda73e74",
  "caf": "94170057908a9d16",
  "cm_successif": "395d6081573cf07c",
  "derivee_affine": "ffe1a4dcf9ad78b1",
  "discriminant": "6c84cdb14680b9b4",
  "ecart_interquartile": "d41efd295057f94b",
  "ecart_type": "6cce9dc9a578b018",
  "esperance_binomiale": "7a6260d3d3f7c4be",
  "esperance_va": "8da007c8c979ec84",
  "etendue_serie": "18a9672d1cefccb9",
  "frng": "b4e5ef0ce5dec17c",
  "image_fonction": "6dd94da0d5cf33f0",
  "indice_base100": "795b8a2c107a4bc8",
  "lecture_graphique_affine": "4dfd752e06471995",
  "mediane_serie": "534493ae4e20cafa",
  "moyenne_serie": "d912b0edda41adb9",
  "nuage_point_moyen": "cb2549c8f3fbfb3a",
  "optimisation": "69918628edf40249",
  "proba_cond": "09d74bf7ebf61cd7",
  "proba_totale": "64c802d38e572695",
  "seuil": "40a3779a923125cc",
  "sommet_abscisse": "a1a170c9f27c928e",
  "suite_arith": "a66d988cb2306659",
  "suite_geo": "4e5d4984768bfb3c",
  "suite_geo_terme": "a788c0edda315fab",
  "taux_evolution": "c4cef45b84fb7d16",
  "taux_moyen": "7cb090156e47cd1e",
  "taux_reciproque": "0e1c1b95f48d6356",
  "trace_compteur": "41a4d379cc3c6f0f",
  "trace_produit": "16f9de0a25434519",
  "trace_somme": "a5d5e62bf547c135",
  "tva": "e6974a5197ba5a1e",
  "valeur_apres_evolution": "7be66fd40e3cb1fe",
  "variance_binomiale": "0a35f349ebbc8f2f",
}
`;
